11503,GEORGIA,Thunderstorm Wind,2000
13913,MISSISSIPPI,Thunderstorm Wind,20000
