Description
Waterspout in ATLANTIC SOUTH
Heavy Rain in FLORIDA
Tornado in FLORIDA
Thunderstorm Wind in GEORGIA
Thunderstorm Wind in MISSISSIPPI
