EventId,State,EventType,DamageProperty
13913,MISSISSIPPI,Thunderstorm Wind,20000
