FLORIDA,Tornado,6200000
MISSISSIPPI,Thunderstorm Wind,20000
GEORGIA,Thunderstorm Wind,2000
ATLANTIC SOUTH,Waterspout,0
FLORIDA,Heavy Rain,0
