Kind,TokenConstant
4,TokenString
5,TokenAnd
6,TokenOr
7,TokenPipe
