TokenIdentifier,foo
TokenPipe,
TokenIdentifier,bar
