Kind,TokenConstant
1,TokenIdentifier
2,TokenQuotedIdentifier
3,TokenNumber
4,TokenString
5,TokenAnd
6,TokenOr
7,TokenPipe
-1,TokenError
