TokenConstant,Value
TokenIdentifier,foo
TokenPipe,
