State,$right.State,StateCapital
FLORIDA,FLORIDA,Tallahassee
GEORGIA,GEORGIA,Atlanta
MISSISSIPPI,MISSISSIPPI,Jackson
