TokenConstant,Value
TokenIdentifier,foo
TokenPipe,
TokenIdentifier,bar
