Directory,IsTest,TotalLines
.,0,477
.,1,284
parser,0,1942
parser,1,1588
