Kind,TokenConstant
1,TokenIdentifier
-1,TokenError
