EventId,State,EventType,DamageProperty
11032,ATLANTIC SOUTH,Waterspout,0
11098,FLORIDA,Heavy Rain,0
60913,FLORIDA,Tornado,6200000
13913,MISSISSIPPI,Thunderstorm Wind,20000
