FLORIDA,FLORIDA,Tallahassee
FLORIDA,FLORIDA,Tallahassee
GEORGIA,GEORGIA,Atlanta
MISSISSIPPI,MISSISSIPPI,Jackson
