State,EventType,DamageProperty
ATLANTIC SOUTH,Waterspout,0
FLORIDA,Heavy Rain,0
GEORGIA,Thunderstorm Wind,2000
