EventId,State,EventType,DamageProperty
60913,FLORIDA,Tornado,6200000
