parser,parser_test.go,1108
parser,parser.go,878
parser,lex.go,681
