EventId,State,EventType,DamageProperty
11503,GEORGIA,Thunderstorm Wind,2000
